1 import * as React from "react";
2 import { useAppStore } from "@/store/useAppStore";
3 import { layoutOrder } from "@/lib/graphWalk";
4 import type { OperationNodeDto } from "@/lib/ipc-contract";
5 
6 /**
7  * GraphCanvas — первый визуальный срез DAG (роадмап MVP):
8  * вертикальный рельс, корни сверху, BFS по исходящим рёбрам. N-арная
9  * merge-раскладка появится вместе с hexforge-stream; раскладка — чистая
10  * функция от nodes, её легко заменить полноценным layout без смены API.
11  */
12 
13 const ID_SLICE = 8;
14 
...
37       )}
38       <ol className="flex flex-col gap-1.5">
39         {order.map((id) => {
40           const node = nodes[id];
41           if (!node) return null;
42           const isSelected = id === selectedNodeId;
43           const isRunning = id === runningNodeId;
44           const isStale = staleSet.has(id);
45           const sourceHandle =
46             typeof node.params === "object" &&
47             node.params !== null &&
48             "sourceHandle" in node.params &&
49             typeof node.params.sourceHandle === "string"
50               ? node.params.sourceHandle
51               : null;
52 
TOTAL 121