ion: String,
    pub display_name: String,
    pub category: String,
    pub params_schema: serde_json::Value,
    pub capabilities: hexforge_core::TransformCapabilities,
}

#[tauri::command]
pub fn list_operations(state: State<Arc<AppState>>) -> Vec<OperationDescriptor> {
    state
        .registry
        .iter()
        .map(|t| OperationDescriptor {
            id: t.id().to_string(),
            version: t.version().to_string(),
            display_name: t.display_name().to_string(),
            category: t.category().to_string(),
            params_schema: t.params_schema(),
            capabilities: t.capabilities(),
        })
        .collect()
}

// ---------- Источники данных ----------

#[derive(Debug, Deserialize)]
#[serde(rename_all = "camelCase")]
pub struct OpenFileRequest {
    pub path: String,
}

#[derive(Debug, Serialize)]
#[serde(rename_all = "camelCase")]
pub struct OpenFileResponse {
    pub handle: String,
    pub size_bytes: 